
> ecoscrap@0.0.0 build
> vite build

[36mvite v7.3.1 [32mbuilding client environment for production...[36m[39m
transforming...
node.exe : [33m[plugin 
vite:esbuild] src/components/
navbar/inicio.jsx: 
[33mDuplicate key "height" 
in object literal[33m
En C:\Program 
Files\nodejs\npm.ps1: 29 
Carácter: 3
+   & $NODE_EXE $NPM_CLI_JS 
$args
+   
~~~~~~~~~~~~~~~~~~~~~~~~~~~~~
    + CategoryInfo           
   : NotSpecified: ([33m[p  
  lugin vi...ct literal[3   
 3m:String) [], RemoteExc    
eption
    + FullyQualifiedErrorId  
   : NativeCommandError
 
233 |                        
          <div 
className="synoptic-node 
root">Reciclaje de 
Metales</div>
234 |  
235 |  ...ht: '2px', width: 
'2px', background: 
'var(--glass-border)', 
height: '40px' }}></div>
    |                        
                             
            ^
236 |  
237 |                        
          {/* Nivel 2 & 3 */}
[39m
[32mÔ£ô[39m 61 modules transformed.
rendering chunks...
computing gzip size...
[2mdist/[22m[32mindex.html                                                          [39m[1m[2m    0.46 kB[22m[1m[22m[2m Ôöé gzip:  0.29 kB[22m
[2mdist/[22m[32massets/VISA-C6pDnMVv.png                                            [39m[1m[2m   14.87 kB[22m[1m[22m
[2mdist/[22m[32massets/peigo-P0DqEUAL.png                                           [39m[1m[2m   17.63 kB[22m[1m[22m
[2mdist/[22m[32massets/bancopichincha-YIyE46cd.png                                  [39m[1m[2m   17.98 kB[22m[1m[22m
[2mdist/[22m[32massets/images-RC24ZnSj.png                                          [39m[1m[2m   25.01 kB[22m[1m[22m
[2mdist/[22m[32massets/bancoaustro -C0Bo8Z5y.png                                    [39m[1m[2m   29.42 kB[22m[1m[22m
[2mdist/[22m[32massets/bancoguaya-CXCfgPaj.png                                      [39m[1m[2m   34.80 kB[22m[1m[22m
[2mdist/[22m[32massets/alipay-Bh7aWzhR.png                                          [39m[1m[2m   57.97 kB[22m[1m[22m
[2mdist/[22m[32massets/logoecoscrap-BYBxLdm7.png                                    [39m[1m[2m   78.55 kB[22m[1m[22m
[2mdist/[22m[32massets/medusaware-DhqVun9f.png                                      [39m[1m[2m  125.92 kB[22m[1m[22m
[2mdist/[22m[32massets/deuna-CiUhEYW6.png                                           [39m[1m[2m  129.50 kB[22m[1m[22m
[2mdist/[22m[32massets/medusaconta-C5Rv6HVZ.png                                     [39m[1m[2m  348.03 kB[22m[1m[22m
[2mdist/[22m[32massets/PixVerse_V5.6_Image_Text_360P_una_procesadora_-CYAeNvW5.mp4  [39m[1m[2m1,114.02 kB[22m[1m[22m
[2mdist/[22m[35massets/index-CfONHok-.css                                           [39m[1m[2m    9.35 kB[22m[1m[22m[2m Ôöé gzip:  2.65 kB[22m
[2mdist/[22m[36massets/index-5Ak4SkNb.js                                            [39m[1m[2m  259.41 kB[22m[1m[22m[2m Ôöé gzip: 77.96 kB[22m
[32mÔ£ô built in 746ms[39m
